I0803 02:02:04.181470       9 gnss_block_factory.cc:920] Getting SignalSource SignalSource with implementation File_Signal_Source
I0803 02:02:04.183156       9 gnss_block_factory.cc:968] Getting SignalConditioner with DataTypeAdapter implementation: Ibyte_To_Complex, InputFilter implementation: Freq_Xlating_Fir_Filter, and Resampler implementation: Direct_Resampler
I0803 02:02:04.186514       9 freq_xlating_fir_filter.cc:114] Created freq_xlating_fir_filter with 11 taps
I0803 02:02:04.201037       9 gnss_block_factory.cc:899] Getting Observables with implementation Hybrid_Observables
I0803 02:02:04.245919       9 hybrid_observables_gs.cc:151] Observables dump enabled Log file: /work/hackathons/nativebuilder-gps-defense/rf_attack_benchmark/gnss_sdr_runs/fgi_ut_dfmc_l1e1_pre135_ibyte/observables.dat
I0803 02:02:04.248052       9 gnss_block_factory.cc:899] Getting PVT with implementation RTKLIB_PVT
I0803 02:02:04.318078       9 rtklib_solver.cc:168] PVT lib dump enabled Log file: /work/hackathons/nativebuilder-gps-defense/rf_attack_benchmark/gnss_sdr_runs/fgi_ut_dfmc_l1e1_pre135_ibyte/PVT.dat
I0803 02:02:04.318850       9 gnss_block_factory.cc:1070] Getting 12 GPS L1 C/A channels
I0803 02:02:04.319422       9 gnss_block_factory.cc:1033] Instantiating Channel 0 with Acquisition Implementation: GPS_L1_CA_PCPS_Acquisition, Tracking Implementation: GPS_L1_CA_DLL_PLL_Tracking, Telemetry Decoder implementation: GPS_L1_CA_Telemetry_Decoder
I0803 02:02:05.069630       9 dll_pll_veml_tracking.cc:1881] Tracking Channel set to 0
I0803 02:02:05.084621       9 dll_pll_veml_tracking.cc:1897] Tracking dump enabled on channel 0 Log file: /work/hackathons/nativebuilder-gps-defense/rf_attack_benchmark/gnss_sdr_runs/fgi_ut_dfmc_l1e1_pre135_ibyte/epl_tracking_ch_0.dat
I0803 02:02:05.100091       9 gnss_block_factory.cc:1033] Instantiating Channel 1 with Acquisition Implementation: GPS_L1_CA_PCPS_Acquisition, Tracking Implementation: GPS_L1_CA_DLL_PLL_Tracking, Telemetry Decoder implementation: GPS_L1_CA_Telemetry_Decoder
I0803 02:02:05.203466       9 dll_pll_veml_tracking.cc:1881] Tracking Channel set to 1
I0803 02:02:05.312980       9 dll_pll_veml_tracking.cc:1897] Tracking dump enabled on channel 1 Log file: /work/hackathons/nativebuilder-gps-defense/rf_attack_benchmark/gnss_sdr_runs/fgi_ut_dfmc_l1e1_pre135_ibyte/epl_tracking_ch_1.dat
I0803 02:02:05.324313       9 gnss_block_factory.cc:1033] Instantiating Channel 2 with Acquisition Implementation: GPS_L1_CA_PCPS_Acquisition, Tracking Implementation: GPS_L1_CA_DLL_PLL_Tracking, Telemetry Decoder implementation: GPS_L1_CA_Telemetry_Decoder
I0803 02:02:05.582747       9 dll_pll_veml_tracking.cc:1881] Tracking Channel set to 2
I0803 02:02:05.604333       9 dll_pll_veml_tracking.cc:1897] Tracking dump enabled on channel 2 Log file: /work/hackathons/nativebuilder-gps-defense/rf_attack_benchmark/gnss_sdr_runs/fgi_ut_dfmc_l1e1_pre135_ibyte/epl_tracking_ch_2.dat
I0803 02:02:05.608880       9 gnss_block_factory.cc:1033] Instantiating Channel 3 with Acquisition Implementation: GPS_L1_CA_PCPS_Acquisition, Tracking Implementation: GPS_L1_CA_DLL_PLL_Tracking, Telemetry Decoder implementation: GPS_L1_CA_Telemetry_Decoder
I0803 02:02:05.719730       9 dll_pll_veml_tracking.cc:1881] Tracking Channel set to 3
I0803 02:02:05.728335       9 dll_pll_veml_tracking.cc:1897] Tracking dump enabled on channel 3 Log file: /work/hackathons/nativebuilder-gps-defense/rf_attack_benchmark/gnss_sdr_runs/fgi_ut_dfmc_l1e1_pre135_ibyte/epl_tracking_ch_3.dat
I0803 02:02:05.735627       9 gnss_block_factory.cc:1033] Instantiating Channel 4 with Acquisition Implementation: GPS_L1_CA_PCPS_Acquisition, Tracking Implementation: GPS_L1_CA_DLL_PLL_Tracking, Telemetry Decoder implementation: GPS_L1_CA_Telemetry_Decoder
I0803 02:02:05.859106       9 dll_pll_veml_tracking.cc:1881] Tracking Channel set to 4
I0803 02:02:05.886377       9 dll_pll_veml_tracking.cc:1897] Tracking dump enabled on channel 4 Log file: /work/hackathons/nativebuilder-gps-defense/rf_attack_benchmark/gnss_sdr_runs/fgi_ut_dfmc_l1e1_pre135_ibyte/epl_tracking_ch_4.dat
I0803 02:02:05.891351       9 gnss_block_factory.cc:1033] Instantiating Channel 5 with Acquisition Implementation: GPS_L1_CA_PCPS_Acquisition, Tracking Implementation: GPS_L1_CA_DLL_PLL_Tracking, Telemetry Decoder implementation: GPS_L1_CA_Telemetry_Decoder
I0803 02:02:05.985169       9 dll_pll_veml_tracking.cc:1881] Tracking Channel set to 5
I0803 02:02:06.008393       9 dll_pll_veml_tracking.cc:1897] Tracking dump enabled on channel 5 Log file: /work/hackathons/nativebuilder-gps-defense/rf_attack_benchmark/gnss_sdr_runs/fgi_ut_dfmc_l1e1_pre135_ibyte/epl_tracking_ch_5.dat
I0803 02:02:06.012762       9 gnss_block_factory.cc:1033] Instantiating Channel 6 with Acquisition Implementation: GPS_L1_CA_PCPS_Acquisition, Tracking Implementation: GPS_L1_CA_DLL_PLL_Tracking, Telemetry Decoder implementation: GPS_L1_CA_Telemetry_Decoder
I0803 02:02:06.151980       9 dll_pll_veml_tracking.cc:1881] Tracking Channel set to 6
I0803 02:02:06.165177       9 dll_pll_veml_tracking.cc:1897] Tracking dump enabled on channel 6 Log file: /work/hackathons/nativebuilder-gps-defense/rf_attack_benchmark/gnss_sdr_runs/fgi_ut_dfmc_l1e1_pre135_ibyte/epl_tracking_ch_6.dat
I0803 02:02:06.168292       9 gnss_block_factory.cc:1033] Instantiating Channel 7 with Acquisition Implementation: GPS_L1_CA_PCPS_Acquisition, Tracking Implementation: GPS_L1_CA_DLL_PLL_Tracking, Telemetry Decoder implementation: GPS_L1_CA_Telemetry_Decoder
I0803 02:02:06.192743       9 dll_pll_veml_tracking.cc:1881] Tracking Channel set to 7
I0803 02:02:06.201641       9 dll_pll_veml_tracking.cc:1897] Tracking dump enabled on channel 7 Log file: /work/hackathons/nativebuilder-gps-defense/rf_attack_benchmark/gnss_sdr_runs/fgi_ut_dfmc_l1e1_pre135_ibyte/epl_tracking_ch_7.dat
I0803 02:02:06.202777       9 gnss_block_factory.cc:1033] Instantiating Channel 8 with Acquisition Implementation: GPS_L1_CA_PCPS_Acquisition, Tracking Implementation: GPS_L1_CA_DLL_PLL_Tracking, Telemetry Decoder implementation: GPS_L1_CA_Telemetry_Decoder
I0803 02:02:06.271627       9 dll_pll_veml_tracking.cc:1881] Tracking Channel set to 8
I0803 02:02:06.289489       9 dll_pll_veml_tracking.cc:1897] Tracking dump enabled on channel 8 Log file: /work/hackathons/nativebuilder-gps-defense/rf_attack_benchmark/gnss_sdr_runs/fgi_ut_dfmc_l1e1_pre135_ibyte/epl_tracking_ch_8.dat
I0803 02:02:06.293366       9 gnss_block_factory.cc:1033] Instantiating Channel 9 with Acquisition Implementation: GPS_L1_CA_PCPS_Acquisition, Tracking Implementation: GPS_L1_CA_DLL_PLL_Tracking, Telemetry Decoder implementation: GPS_L1_CA_Telemetry_Decoder
I0803 02:02:06.356253       9 dll_pll_veml_tracking.cc:1881] Tracking Channel set to 9
I0803 02:02:06.393691       9 dll_pll_veml_tracking.cc:1897] Tracking dump enabled on channel 9 Log file: /work/hackathons/nativebuilder-gps-defense/rf_attack_benchmark/gnss_sdr_runs/fgi_ut_dfmc_l1e1_pre135_ibyte/epl_tracking_ch_9.dat
I0803 02:02:06.401846       9 gnss_block_factory.cc:1033] Instantiating Channel 10 with Acquisition Implementation: GPS_L1_CA_PCPS_Acquisition, Tracking Implementation: GPS_L1_CA_DLL_PLL_Tracking, Telemetry Decoder implementation: GPS_L1_CA_Telemetry_Decoder
I0803 02:02:06.477747       9 dll_pll_veml_tracking.cc:1881] Tracking Channel set to 10
I0803 02:02:06.490875       9 dll_pll_veml_tracking.cc:1897] Tracking dump enabled on channel 10 Log file: /work/hackathons/nativebuilder-gps-defense/rf_attack_benchmark/gnss_sdr_runs/fgi_ut_dfmc_l1e1_pre135_ibyte/epl_tracking_ch_10.dat
I0803 02:02:06.491911       9 gnss_block_factory.cc:1033] Instantiating Channel 11 with Acquisition Implementation: GPS_L1_CA_PCPS_Acquisition, Tracking Implementation: GPS_L1_CA_DLL_PLL_Tracking, Telemetry Decoder implementation: GPS_L1_CA_Telemetry_Decoder
I0803 02:02:06.518591       9 dll_pll_veml_tracking.cc:1881] Tracking Channel set to 11
I0803 02:02:06.524215       9 dll_pll_veml_tracking.cc:1897] Tracking dump enabled on channel 11 Log file: /work/hackathons/nativebuilder-gps-defense/rf_attack_benchmark/gnss_sdr_runs/fgi_ut_dfmc_l1e1_pre135_ibyte/epl_tracking_ch_11.dat
I0803 02:02:06.540520       9 gnss_block_factory.cc:1070] Getting 0 GPS L2C (M) channels
I0803 02:02:06.549640       9 gnss_block_factory.cc:1070] Getting 0 GPS L5 channels
I0803 02:02:06.555221       9 gnss_block_factory.cc:1070] Getting 0 GALILEO E1 B (I/NAV OS) channels
I0803 02:02:06.558418       9 gnss_block_factory.cc:1070] Getting 0 GALILEO E5a I (F/NAV OS) channels
I0803 02:02:06.567492       9 gnss_block_factory.cc:1070] Getting 0 GALILEO E6 (B/C HAS) channels
I0803 02:02:06.569648       9 gnss_block_factory.cc:1070] Getting 0 GLONASS L1 C/A channels
I0803 02:02:06.571846       9 gnss_block_factory.cc:1070] Getting 0 GLONASS L2 C/A channels
I0803 02:02:06.572277       9 gnss_block_factory.cc:1070] Getting 0 BEIDOU B1I channels
I0803 02:02:06.572621       9 gnss_block_factory.cc:1070] Getting 0 BEIDOU B3I channels
I0803 02:02:06.572927       9 gnss_block_factory.cc:1070] Getting 0 GALILEO E5b I (I/NAV OS) channels
I0803 02:02:06.573237       9 gnss_block_factory.cc:1070] Getting 0 QZSS L1 C/A channels
I0803 02:02:06.573544       9 gnss_block_factory.cc:1070] Getting 0 QZSS L5 channels
I0803 02:02:06.574374       9 gnss_flowgraph.cc:439] Connecting flowgraph
I0803 02:02:06.590827       9 gnss_flowgraph.cc:1083] connecting sig_source_ 0 stream 0 to conditioner 0
I0803 02:02:06.598901       9 gnss_flowgraph.cc:602] Channel 0 assigned to GPS PRN 01 (Block IIF) Signal 1C
I0803 02:02:06.604895       9 gnss_flowgraph.cc:619] Channel 0 connected to observables and ready for acquisition
I0803 02:02:06.606268       9 gnss_flowgraph.cc:602] Channel 1 assigned to GPS PRN 02 (Block IIR) Signal 1C
I0803 02:02:06.607853       9 gnss_flowgraph.cc:623] Channel 1 connected to observables in standby mode
I0803 02:02:06.609545       9 gnss_flowgraph.cc:602] Channel 2 assigned to GPS PRN 03 (Block IIF) Signal 1C
I0803 02:02:06.612225       9 gnss_flowgraph.cc:623] Channel 2 connected to observables in standby mode
I0803 02:02:06.615681       9 gnss_flowgraph.cc:602] Channel 3 assigned to GPS PRN 04 (Block III) Signal 1C
I0803 02:02:06.620537       9 gnss_flowgraph.cc:623] Channel 3 connected to observables in standby mode
I0803 02:02:06.625659       9 gnss_flowgraph.cc:602] Channel 4 assigned to GPS PRN 05 (Block IIR-M) Signal 1C
I0803 02:02:06.628334       9 gnss_flowgraph.cc:623] Channel 4 connected to observables in standby mode
I0803 02:02:06.629051       9 gnss_flowgraph.cc:602] Channel 5 assigned to GPS PRN 06 (Block IIF) Signal 1C
I0803 02:02:06.633848       9 gnss_flowgraph.cc:623] Channel 5 connected to observables in standby mode
I0803 02:02:06.636266       9 gnss_flowgraph.cc:602] Channel 6 assigned to GPS PRN 07 (Block IIR-M) Signal 1C
I0803 02:02:06.637229       9 gnss_flowgraph.cc:623] Channel 6 connected to observables in standby mode
I0803 02:02:06.637813       9 gnss_flowgraph.cc:602] Channel 7 assigned to GPS PRN 08 (Block IIF) Signal 1C
I0803 02:02:06.642054       9 gnss_flowgraph.cc:623] Channel 7 connected to observables in standby mode
I0803 02:02:06.643198       9 gnss_flowgraph.cc:602] Channel 8 assigned to GPS PRN 09 (Block IIF) Signal 1C
I0803 02:02:06.649138       9 gnss_flowgraph.cc:623] Channel 8 connected to observables in standby mode
I0803 02:02:06.652257       9 gnss_flowgraph.cc:602] Channel 9 assigned to GPS PRN 10 (Block IIF) Signal 1C
I0803 02:02:06.663343       9 gnss_flowgraph.cc:623] Channel 9 connected to observables in standby mode
I0803 02:02:06.674691       9 gnss_flowgraph.cc:602] Channel 10 assigned to GPS PRN 11 (Block III) Signal 1C
I0803 02:02:06.691311       9 gnss_flowgraph.cc:623] Channel 10 connected to observables in standby mode
I0803 02:02:06.697828       9 gnss_flowgraph.cc:602] Channel 11 assigned to GPS PRN 12 (Block IIR-M) Signal 1C
I0803 02:02:06.701187       9 gnss_flowgraph.cc:623] Channel 11 connected to observables in standby mode
I0803 02:02:06.702895       9 gnss_flowgraph.cc:627] The GNU Radio flowgraph for the current GNSS-SDR configuration has been successfully connected
I0803 02:02:06.704290       9 gnss_flowgraph.cc:475] Flowgraph connected
I0803 02:02:06.705899       9 control_thread.cc:404] Flowgraph connected
I0803 02:02:06.802570       9 control_thread.cc:414] Flowgraph started
I0803 02:02:34.457878    2309 pcps_acquisition.cc:353] Successful acquisition in channel 8 for satellite G 21
I0803 02:02:34.461247      36 dll_pll_veml_tracking.cc:2005] Pull-in: Number of samples between Acquisition and Tracking = 6694 ( 0.0016735 s)for satellite GPS PRN 21 (Block IIR) in channel 8
I0803 02:03:25.291797      36 dll_pll_veml_tracking.cc:1238] Loss of lock in channel 8, satellite GPS PRN 21 (Block IIR) (carrier_lock_fail_counter:5001 code_lock_fail_counter : 0)
I0803 02:03:25.297754       9 gnss_flowgraph.cc:1914] Channel 8 Idle state
I0803 02:03:29.019301    6517 pcps_acquisition.cc:353] Successful acquisition in channel 6 for satellite G 2
I0803 02:03:29.023001      42 dll_pll_veml_tracking.cc:2005] Pull-in: Number of samples between Acquisition and Tracking = 8557 ( 0.00213925 s)for satellite GPS PRN 02 (Block IIR) in channel 6
I0803 02:03:37.504442    7213 pcps_acquisition.cc:353] Successful acquisition in channel 9 for satellite G 15
I0803 02:03:37.514126      33 dll_pll_veml_tracking.cc:2005] Pull-in: Number of samples between Acquisition and Tracking = 2917 ( 0.00072925 s)for satellite GPS PRN 15 (Block IIR-M) in channel 9
I0803 02:05:44.317189      42 dll_pll_veml_tracking.cc:1238] Loss of lock in channel 6, satellite GPS PRN 02 (Block IIR) (carrier_lock_fail_counter:5001 code_lock_fail_counter : 0)
I0803 02:05:44.326779       9 gnss_flowgraph.cc:1914] Channel 6 Idle state
I0803 02:06:10.033180      33 dll_pll_veml_tracking.cc:1238] Loss of lock in channel 9, satellite GPS PRN 15 (Block IIR-M) (carrier_lock_fail_counter:5001 code_lock_fail_counter : 0)
I0803 02:06:10.037383       9 gnss_flowgraph.cc:1914] Channel 9 Idle state
I0803 02:06:32.647845   12086 pcps_acquisition.cc:353] Successful acquisition in channel 2 for satellite G 28
I0803 02:06:32.679538      54 dll_pll_veml_tracking.cc:2005] Pull-in: Number of samples between Acquisition and Tracking = 2281 ( 0.00057025 s)for satellite GPS PRN 28 (Block III) in channel 2
I0803 02:07:50.047927   14155 pcps_acquisition.cc:353] Successful acquisition in channel 3 for satellite G 19
I0803 02:07:50.066037      51 dll_pll_veml_tracking.cc:2005] Pull-in: Number of samples between Acquisition and Tracking = -1496 ( -0.000374 s)for satellite GPS PRN 19 (Block IIR) in channel 3
I0803 02:08:40.697878      51 dll_pll_veml_tracking.cc:1238] Loss of lock in channel 3, satellite GPS PRN 19 (Block IIR) (carrier_lock_fail_counter:5001 code_lock_fail_counter : 0)
I0803 02:08:40.700349       9 gnss_flowgraph.cc:1914] Channel 3 Idle state
I0803 02:08:46.646846      54 dll_pll_veml_tracking.cc:1238] Loss of lock in channel 2, satellite GPS PRN 28 (Block III) (carrier_lock_fail_counter:5001 code_lock_fail_counter : 0)
I0803 02:08:46.650706       9 gnss_flowgraph.cc:1914] Channel 2 Idle state
I0803 02:10:28.672772   21515 pcps_acquisition.cc:353] Successful acquisition in channel 9 for satellite G 16
I0803 02:10:28.674169      33 dll_pll_veml_tracking.cc:2005] Pull-in: Number of samples between Acquisition and Tracking = 2302 ( 0.0005755 s)for satellite GPS PRN 16 (Block IIR) in channel 9
I0803 02:10:50.101488   22867 pcps_acquisition.cc:353] Successful acquisition in channel 7 for satellite G 5
I0803 02:10:50.102568      39 dll_pll_veml_tracking.cc:2005] Pull-in: Number of samples between Acquisition and Tracking = -1485 ( -0.00037125 s)for satellite GPS PRN 05 (Block IIR-M) in channel 7
I0803 02:10:53.350588   23057 pcps_acquisition.cc:353] Successful acquisition in channel 6 for satellite G 12
I0803 02:10:53.378824      42 dll_pll_veml_tracking.cc:2005] Pull-in: Number of samples between Acquisition and Tracking = 1696 ( 0.000424 s)for satellite GPS PRN 12 (Block IIR-M) in channel 6
I0803 02:10:59.421281   23482 pcps_acquisition.cc:353] Successful acquisition in channel 10 for satellite G 3
I0803 02:10:59.427208      30 dll_pll_veml_tracking.cc:2005] Pull-in: Number of samples between Acquisition and Tracking = 1656 ( 0.000414 s)for satellite GPS PRN 03 (Block IIF) in channel 10
I0803 02:11:04.101335      22 gnss_sdr_valve.cc:90] Stopping receiver, 3380000000 samples processed
I0803 02:11:04.102289       9 control_thread.cc:996] Received action STOP
W0803 02:11:04.103062      73 channel_msg_receiver_cc.cc:106] msg_handler_channel_events invalid event
I0803 02:11:04.111245       9 gnss_flowgraph.cc:482] Disconnecting flowgraph
I0803 02:11:04.111967       9 gnss_flowgraph.cc:499] Flowgraph disconnected
I0803 02:11:04.112581       9 control_thread.cc:494] Flowgraph stopped
I0803 02:11:08.169363       9 rtklib_pvt_gs.cc:673] Failed to save GPS L2CM or L5 Ephemeris, map is empty
I0803 02:11:08.169975       9 rtklib_pvt_gs.cc:699] Failed to save GPS L1 CA Ephemeris, map is empty
I0803 02:11:08.170494       9 rtklib_pvt_gs.cc:762] Failed to save GLONASS GNAV Ephemeris, map is empty
I0803 02:11:08.170967       9 rtklib_pvt_gs.cc:792] Failed to save GPS UTC model parameters, not valid data
I0803 02:11:08.171364       9 rtklib_pvt_gs.cc:822] Failed to save Galileo UTC model parameters, not valid data
I0803 02:11:08.171773       9 rtklib_pvt_gs.cc:852] Failed to save GPS ionospheric model parameters, not valid data
I0803 02:11:08.172158       9 rtklib_pvt_gs.cc:882] Failed to save GPS CNAV ionospheric model parameters, not valid data
I0803 02:11:08.172504       9 rtklib_pvt_gs.cc:912] Failed to save QZSS UTC model parameters, not valid data
I0803 02:11:08.172819       9 rtklib_pvt_gs.cc:942] Failed to save QZSS ionospheric model parameters, not valid data
I0803 02:11:08.173152       9 rtklib_pvt_gs.cc:972] Failed to save QZSS CNAV UTC model parameters, not valid data
I0803 02:11:08.173532       9 rtklib_pvt_gs.cc:1002] Failed to save QZSS CNAV ionospheric model parameters, not valid data
I0803 02:11:08.173867       9 rtklib_pvt_gs.cc:1032] Failed to save Galileo ionospheric model parameters, not valid data
I0803 02:11:08.174168       9 rtklib_pvt_gs.cc:1062] Failed to save GPS almanac, map is empty
I0803 02:11:08.174484       9 rtklib_pvt_gs.cc:1092] Failed to save Galileo almanac, not valid data
I0803 02:11:08.174820       9 rtklib_pvt_gs.cc:1122] Failed to save GPS CNAV UTC model parameters, not valid data
I0803 02:11:08.175171       9 rtklib_pvt_gs.cc:1152] Failed to save GLONASS GNAV ephemeris, map is empty
I0803 02:11:08.175537       9 rtklib_pvt_gs.cc:1182] Failed to save GLONASS GNAV ephemeris, not valid data
I0803 02:11:08.175930       9 rtklib_pvt_gs.cc:1212] Failed to save BeiDou DNAV Ephemeris, map is empty
I0803 02:11:08.176302       9 rtklib_pvt_gs.cc:1242] Failed to save BeiDou DNAV ionospheric model parameters, not valid data
I0803 02:11:08.176740       9 rtklib_pvt_gs.cc:1272] Failed to save BeiDou DNAV almanac, map is empty
I0803 02:11:08.177136       9 rtklib_pvt_gs.cc:1302] Failed to save BeiDou DNAV UTC model parameters, not valid data
